// Jest Snapshot v1, https://goo.gl/fbAQLP

exports[`shallowMergeResources only path 1`] = `
Object {
  "eggs": Object {
    "1": Object {
      "a": 2,
    },
  },
  "fruits": Object {
    "1": Object {
      "a": 1,
    },
    "2": Object {
      "c": 3,
    },
  },
  "vegetables": Object {
    "1": Object {
      "a": 1,
      "b": 2,
      "c": 3,
    },
    "2": Object {
      "a": 1,
      "b": 2,
      "c": 3,
    },
    "3": Object {
      "a": 1,
      "b": 2,
      "c": 3,
    },
    "4": Object {
      "a": 1,
    },
  },
}
`;
